// Jest Snapshot v1, https://goo.gl/fbAQLP

exports[`Btn renders correctly 1`] = `
<span
  className="sc-bdVaJa cSZdXv"
  onClick={[Function]}
>
  Btn Content
</span>
`;
